CACA
HOLA
CHAU
HOLA0
CHAU0
HOLA1
HOLA1.1
HOLA1
CHAU1
HOLA2
INNER HOLA2
AFTER INNER HOLA2
CHAU2
HOLA3
INNER HOLA3
SEE ONCE3
INNER HOLA3
AFTER INNER HOLA3
CHAU3
