HOLA MUNDO
HOLA MUNDO
HOLA MUNDO
HOLA MUNDO
HOLA MUNDO
