uno
dos
nulo
verdadero
hola
integer
boolean
String
Trait1
