hola
hola method
my trait method
pepe
hola method
1
