The German chocolate cake is delicious!
German chocolate
