[object 164]
[object 812]
test
testProp 111
test1
testProp 1111
Scones
[partial function]
cream
