0 - Bool(true)
1 - Bool(false)
2 - Bool(false)
3 - Bool(true)
4 - Bool(true)
5 - Bool(true)
6 - Bool(true)
7 - Bool(true)
8 - Bool(true)
9 - Bool(true)
