0 - Bool(false)
1 - Bool(true)
2 - Bool(true)
3 - Bool(true)
4 - Bool(false)
5 - Bool(false)
6 - Bool(false)
7 - Bool(true)
