0 - Integer(0)
1 - Integer(3)
2 - Integer(2)
3 - Integer(4)
