eeeh?
2
hola
hola method
2
my trait method
pepe
hola method
2
2
2
