hola
hola method
2
my trait method
pepe
hola method
3
hola method
1
2
2
0
1
