Scones
something
0 - SimpleValue(String(248))
1 - SimpleValue(String(191))
