0 - Integer(3)
1 - Integer(-3)
2 - Bool(true)
3 - Bool(false)
